// Jest Snapshot v1, https://goo.gl/fbAQLP

exports[`Quotes should renders correctly 1`] = `ShallowWrapper {}`;
